
scaffold_split_s43 control: surrogate trained on 1613 molecules (seeds 42 and 20260930), size window (20, 39)
  seed 42  multi_real       pred_real -> 7.86, similarity to remaining training -> 0.44
  seed 42  multi_scrambled  pred_real -> 6.23, similarity to remaining training -> 0.32
  seed 42  activity_only    pred_real -> 8.65, similarity to remaining training -> 0.70
  seed 42  druglike_only    pred_real -> 6.47, similarity to remaining training -> 0.36
  seed 43  multi_real       pred_real -> 7.84, similarity to remaining training -> 0.46
  seed 43  multi_scrambled  pred_real -> 6.18, similarity to remaining training -> 0.40
  seed 43  activity_only    pred_real -> 8.66, similarity to remaining training -> 0.69
  seed 43  druglike_only    pred_real -> 6.27, similarity to remaining training -> 0.34
  seed 44  multi_real       pred_real -> 7.87, similarity to remaining training -> 0.43
  seed 44  multi_scrambled  pred_real -> 6.05, similarity to remaining training -> 0.34
  seed 44  activity_only    pred_real -> 8.65, similarity to remaining training -> 0.69
  seed 44  druglike_only    pred_real -> 6.14, similarity to remaining training -> 0.35
  seed 45  multi_real       pred_real -> 7.84, similarity to remaining training -> 0.42
  seed 45  multi_scrambled  pred_real -> 5.94, similarity to remaining training -> 0.31
  seed 45  activity_only    pred_real -> 8.65, similarity to remaining training -> 0.67
  seed 45  druglike_only    pred_real -> 6.28, similarity to remaining training -> 0.36
  seed 46  multi_real       pred_real -> 7.80, similarity to remaining training -> 0.39
  seed 46  multi_scrambled  pred_real -> 6.09, similarity to remaining training -> 0.27
  seed 46  activity_only    pred_real -> 8.65, similarity to remaining training -> 0.69
  seed 46  druglike_only    pred_real -> 6.41, similarity to remaining training -> 0.34
Wrote results/05f_scaffold_split_s43_populations.csv (102000 rows)

scaffold_split_s44 control: surrogate trained on 1613 molecules (seeds 42 and 20260930), size window (20, 39)
  seed 42  multi_real       pred_real -> 7.72, similarity to remaining training -> 0.40
  seed 42  multi_scrambled  pred_real -> 6.20, similarity to remaining training -> 0.33
  seed 42  activity_only    pred_real -> 8.40, similarity to remaining training -> 0.73
  seed 42  druglike_only    pred_real -> 6.09, similarity to remaining training -> 0.39
  seed 43  multi_real       pred_real -> 7.70, similarity to remaining training -> 0.38
  seed 43  multi_scrambled  pred_real -> 6.21, similarity to remaining training -> 0.41
  seed 43  activity_only    pred_real -> 8.44, similarity to remaining training -> 0.78
  seed 43  druglike_only    pred_real -> 5.98, similarity to remaining training -> 0.33
  seed 44  multi_real       pred_real -> 7.68, similarity to remaining training -> 0.38
  seed 44  multi_scrambled  pred_real -> 6.24, similarity to remaining training -> 0.36
  seed 44  activity_only    pred_real -> 8.59, similarity to remaining training -> 0.77
  seed 44  druglike_only    pred_real -> 6.32, similarity to remaining training -> 0.32
  seed 45  multi_real       pred_real -> 7.70, similarity to remaining training -> 0.42
  seed 45  multi_scrambled  pred_real -> 6.12, similarity to remaining training -> 0.34
  seed 45  activity_only    pred_real -> 8.55, similarity to remaining training -> 0.72
  seed 45  druglike_only    pred_real -> 6.05, similarity to remaining training -> 0.36
  seed 46  multi_real       pred_real -> 7.71, similarity to remaining training -> 0.43
  seed 46  multi_scrambled  pred_real -> 6.10, similarity to remaining training -> 0.32
  seed 46  activity_only    pred_real -> 8.57, similarity to remaining training -> 0.71
  seed 46  druglike_only    pred_real -> 6.06, similarity to remaining training -> 0.34
Wrote results/05f_scaffold_split_s44_populations.csv (102000 rows)

scaffold_split_s45 control: surrogate trained on 1613 molecules (seeds 42 and 20260930), size window (20, 39)
  seed 42  multi_real       pred_real -> 7.71, similarity to remaining training -> 0.36
  seed 42  multi_scrambled  pred_real -> 6.12, similarity to remaining training -> 0.36
  seed 42  activity_only    pred_real -> 8.45, similarity to remaining training -> 0.79
  seed 42  druglike_only    pred_real -> 6.38, similarity to remaining training -> 0.37
  seed 43  multi_real       pred_real -> 7.65, similarity to remaining training -> 0.38
  seed 43  multi_scrambled  pred_real -> 6.19, similarity to remaining training -> 0.36
  seed 43  activity_only    pred_real -> 8.57, similarity to remaining training -> 0.71
  seed 43  druglike_only    pred_real -> 6.31, similarity to remaining training -> 0.38
  seed 44  multi_real       pred_real -> 7.70, similarity to remaining training -> 0.37
  seed 44  multi_scrambled  pred_real -> 6.22, similarity to remaining training -> 0.33
  seed 44  activity_only    pred_real -> 8.39, similarity to remaining training -> 0.77
  seed 44  druglike_only    pred_real -> 6.18, similarity to remaining training -> 0.37
  seed 45  multi_real       pred_real -> 7.66, similarity to remaining training -> 0.36
  seed 45  multi_scrambled  pred_real -> 6.08, similarity to remaining training -> 0.35
  seed 45  activity_only    pred_real -> 8.51, similarity to remaining training -> 0.51
  seed 45  druglike_only    pred_real -> 6.40, similarity to remaining training -> 0.38
  seed 46  multi_real       pred_real -> 7.72, similarity to remaining training -> 0.37
  seed 46  multi_scrambled  pred_real -> 6.32, similarity to remaining training -> 0.37
  seed 46  activity_only    pred_real -> 8.48, similarity to remaining training -> 0.60
  seed 46  druglike_only    pred_real -> 6.30, similarity to remaining training -> 0.35
Wrote results/05f_scaffold_split_s45_populations.csv (102000 rows)

scaffold_split_s46 control: surrogate trained on 1613 molecules (seeds 42 and 20260930), size window (20, 39)
  seed 42  multi_real       pred_real -> 7.75, similarity to remaining training -> 0.39
  seed 42  multi_scrambled  pred_real -> 6.68, similarity to remaining training -> 0.32
  seed 42  activity_only    pred_real -> 8.38, similarity to remaining training -> 0.78
  seed 42  druglike_only    pred_real -> 5.88, similarity to remaining training -> 0.34
  seed 43  multi_real       pred_real -> 7.76, similarity to remaining training -> 0.36
  seed 43  multi_scrambled  pred_real -> 6.07, similarity to remaining training -> 0.37
  seed 43  activity_only    pred_real -> 8.43, similarity to remaining training -> 0.77
  seed 43  druglike_only    pred_real -> 6.30, similarity to remaining training -> 0.34
  seed 44  multi_real       pred_real -> 8.12, similarity to remaining training -> 0.49
  seed 44  multi_scrambled  pred_real -> 6.23, similarity to remaining training -> 0.33
  seed 44  activity_only    pred_real -> 8.60, similarity to remaining training -> 0.69
  seed 44  druglike_only    pred_real -> 6.27, similarity to remaining training -> 0.36
  seed 45  multi_real       pred_real -> 7.91, similarity to remaining training -> 0.42
  seed 45  multi_scrambled  pred_real -> 6.40, similarity to remaining training -> 0.37
  seed 45  activity_only    pred_real -> 8.49, similarity to remaining training -> 0.70
  seed 45  druglike_only    pred_real -> 6.43, similarity to remaining training -> 0.37
  seed 46  multi_real       pred_real -> 7.91, similarity to remaining training -> 0.43
  seed 46  multi_scrambled  pred_real -> 6.40, similarity to remaining training -> 0.33
  seed 46  activity_only    pred_real -> 8.45, similarity to remaining training -> 0.76
  seed 46  druglike_only    pred_real -> 6.38, similarity to remaining training -> 0.37
Wrote results/05f_scaffold_split_s46_populations.csv (102000 rows)
