848 dockings planned, 0 already done, 848 to do (exhaustiveness 8, box 22.0 A)
  25/848 done, 2.6 min elapsed, ~86 min left
  50/848 done, 5.9 min elapsed, ~94 min left
  75/848 done, 8.8 min elapsed, ~91 min left
  100/848 done, 12.2 min elapsed, ~91 min left
  125/848 done, 15.8 min elapsed, ~91 min left
[RDKit] ERROR:[15:22:26] UFFTYPER: Unrecognized charge state for atom: 13
  150/848 done, 19.1 min elapsed, ~89 min left
  175/848 done, 22.7 min elapsed, ~87 min left
  200/848 done, 26.7 min elapsed, ~86 min left
  225/848 done, 30.0 min elapsed, ~83 min left
  250/848 done, 32.5 min elapsed, ~78 min left
  275/848 done, 34.6 min elapsed, ~72 min left
  300/848 done, 37.3 min elapsed, ~68 min left
[RDKit] ERROR:[15:41:24] UFFTYPER: Unrecognized charge state for atom: 4
[RDKit] ERROR:[15:41:24] UFFTYPER: Unrecognized atom type: S_5+6 (4)
  325/848 done, 40.5 min elapsed, ~65 min left
  350/848 done, 43.6 min elapsed, ~62 min left
  375/848 done, 45.9 min elapsed, ~58 min left
  400/848 done, 48.6 min elapsed, ~54 min left
  425/848 done, 50.9 min elapsed, ~51 min left
[RDKit] ERROR:[15:55:06] UFFTYPER: Unrecognized charge state for atom: 16
[RDKit] ERROR:[15:55:06] UFFTYPER: Unrecognized atom type: S_5+6 (16)
  450/848 done, 53.7 min elapsed, ~48 min left
  475/848 done, 57.7 min elapsed, ~45 min left
  500/848 done, 60.8 min elapsed, ~42 min left
  525/848 done, 63.9 min elapsed, ~39 min left
[RDKit] ERROR:[16:08:04] UFFTYPER: Unrecognized atom type: S_5+4 (7)
  550/848 done, 66.9 min elapsed, ~36 min left
  575/848 done, 69.9 min elapsed, ~33 min left
  600/848 done, 72.6 min elapsed, ~30 min left
  625/848 done, 75.6 min elapsed, ~27 min left
[RDKit] ERROR:[16:20:27] UFFTYPER: Unrecognized charge state for atom: 2
[RDKit] ERROR:[16:20:27] UFFTYPER: Unrecognized atom type: S_5+6 (2)
  650/848 done, 78.8 min elapsed, ~24 min left
  675/848 done, 81.4 min elapsed, ~21 min left
  700/848 done, 84.4 min elapsed, ~18 min left
  725/848 done, 88.1 min elapsed, ~15 min left
  750/848 done, 90.5 min elapsed, ~12 min left
  775/848 done, 93.8 min elapsed, ~9 min left
  800/848 done, 97.2 min elapsed, ~6 min left
  825/848 done, 100.9 min elapsed, ~3 min left
  848/848 done, 104.7 min elapsed, ~0 min left
Done. Next: scripts/08e_docking_analysis.py
