
primary: surrogate trained on 2016 molecules; floors [0.4, 0.5, 0.6, 0.7]
  seed 42 multi_real     tau 0.4: 100 generated; pred_real 8.12, similarity 0.56
  seed 42 multi_real     tau 0.5: 100 generated; pred_real 8.10, similarity 0.58
  seed 42 multi_real     tau 0.6:  99 generated; pred_real 7.85, similarity 0.68
  seed 42 multi_real     tau 0.7:  96 generated; pred_real 8.23, similarity 0.77
  seed 42 activity_only  tau 0.4: 100 generated; pred_real 8.55, similarity 0.73
  seed 42 activity_only  tau 0.5: 100 generated; pred_real 8.58, similarity 0.67
  seed 42 activity_only  tau 0.6: 100 generated; pred_real 8.59, similarity 0.70
  seed 42 activity_only  tau 0.7: 100 generated; pred_real 8.53, similarity 0.75
  seed 43 multi_real     tau 0.4:  99 generated; pred_real 7.74, similarity 0.56
  seed 43 multi_real     tau 0.5:  98 generated; pred_real 7.72, similarity 0.61
  seed 43 multi_real     tau 0.6:  97 generated; pred_real 7.65, similarity 0.69
  seed 43 multi_real     tau 0.7:  96 generated; pred_real 8.13, similarity 0.77
  seed 43 activity_only  tau 0.4:  98 generated; pred_real 8.50, similarity 0.63
  seed 43 activity_only  tau 0.5:  98 generated; pred_real 8.53, similarity 0.66
  seed 43 activity_only  tau 0.6:  98 generated; pred_real 8.49, similarity 0.84
  seed 43 activity_only  tau 0.7:  98 generated; pred_real 8.35, similarity 0.79
  seed 44 multi_real     tau 0.4: 100 generated; pred_real 8.12, similarity 0.57
  seed 44 multi_real     tau 0.5: 100 generated; pred_real 8.12, similarity 0.59
  seed 44 multi_real     tau 0.6:  97 generated; pred_real 8.06, similarity 0.68
  seed 44 multi_real     tau 0.7:  95 generated; pred_real 8.05, similarity 0.76
  seed 44 activity_only  tau 0.4:  96 generated; pred_real 8.53, similarity 0.77
  seed 44 activity_only  tau 0.5:  94 generated; pred_real 8.48, similarity 0.72
  seed 44 activity_only  tau 0.6:  95 generated; pred_real 8.58, similarity 0.81
  seed 44 activity_only  tau 0.7:  94 generated; pred_real 8.50, similarity 0.78
  seed 45 multi_real     tau 0.4:  99 generated; pred_real 7.88, similarity 0.60
  seed 45 multi_real     tau 0.5:  99 generated; pred_real 8.11, similarity 0.60
  seed 45 multi_real     tau 0.6:  99 generated; pred_real 7.81, similarity 0.66
  seed 45 multi_real     tau 0.7:  96 generated; pred_real 8.33, similarity 0.75
  seed 45 activity_only  tau 0.4: 100 generated; pred_real 8.61, similarity 0.68
  seed 45 activity_only  tau 0.5: 100 generated; pred_real 8.60, similarity 0.69
  seed 45 activity_only  tau 0.6: 100 generated; pred_real 8.58, similarity 0.68
  seed 45 activity_only  tau 0.7:  99 generated; pred_real 8.53, similarity 0.75
  seed 46 multi_real     tau 0.4: 100 generated; pred_real 7.88, similarity 0.54
  seed 46 multi_real     tau 0.5: 100 generated; pred_real 8.12, similarity 0.57
  seed 46 multi_real     tau 0.6:  97 generated; pred_real 7.93, similarity 0.68
  seed 46 multi_real     tau 0.7:  87 generated; pred_real 7.53, similarity 0.74
  seed 46 activity_only  tau 0.4:  99 generated; pred_real 8.57, similarity 0.73
  seed 46 activity_only  tau 0.5:  98 generated; pred_real 8.53, similarity 0.70
  seed 46 activity_only  tau 0.6:  96 generated; pred_real 8.39, similarity 0.80
  seed 46 activity_only  tau 0.7:  96 generated; pred_real 8.40, similarity 0.80
Wrote results/10_constrained_primary_populations.csv (204000 rows)

molecule: surrogate trained on 1812 molecules; floors [0.4, 0.5, 0.6, 0.7]
  seed 42 multi_real     tau 0.4:  99 generated; pred_real 7.33, similarity 0.52
  seed 42 multi_real     tau 0.5:  98 generated; pred_real 7.31, similarity 0.59
  seed 42 multi_real     tau 0.6:  96 generated; pred_real 7.34, similarity 0.68
  seed 42 multi_real     tau 0.7:  88 generated; pred_real 7.44, similarity 0.74
  seed 42 activity_only  tau 0.4:  96 generated; pred_real 7.79, similarity 0.69
  seed 42 activity_only  tau 0.5:  97 generated; pred_real 7.88, similarity 0.75
  seed 42 activity_only  tau 0.6:  95 generated; pred_real 7.76, similarity 0.70
  seed 42 activity_only  tau 0.7:  90 generated; pred_real 7.73, similarity 0.77
  seed 43 multi_real     tau 0.4: 100 generated; pred_real 7.21, similarity 0.44
  seed 43 multi_real     tau 0.5:  98 generated; pred_real 7.23, similarity 0.61
  seed 43 multi_real     tau 0.6:  98 generated; pred_real 7.22, similarity 0.68
  seed 43 multi_real     tau 0.7:  94 generated; pred_real 7.46, similarity 0.75
  seed 43 activity_only  tau 0.4:  97 generated; pred_real 7.76, similarity 0.68
  seed 43 activity_only  tau 0.5:  98 generated; pred_real 7.84, similarity 0.74
  seed 43 activity_only  tau 0.6:  92 generated; pred_real 7.70, similarity 0.73
  seed 43 activity_only  tau 0.7:  92 generated; pred_real 7.70, similarity 0.77
  seed 44 multi_real     tau 0.4: 100 generated; pred_real 7.26, similarity 0.45
  seed 44 multi_real     tau 0.5:  99 generated; pred_real 7.35, similarity 0.56
  seed 44 multi_real     tau 0.6:  98 generated; pred_real 7.38, similarity 0.68
  seed 44 multi_real     tau 0.7:  91 generated; pred_real 7.32, similarity 0.76
  seed 44 activity_only  tau 0.4:  94 generated; pred_real 7.69, similarity 0.69
  seed 44 activity_only  tau 0.5:  99 generated; pred_real 7.85, similarity 0.79
  seed 44 activity_only  tau 0.6:  99 generated; pred_real 7.85, similarity 0.74
  seed 44 activity_only  tau 0.7:  96 generated; pred_real 7.72, similarity 0.77
  seed 45 multi_real     tau 0.4: 100 generated; pred_real 7.28, similarity 0.50
  seed 45 multi_real     tau 0.5: 100 generated; pred_real 7.29, similarity 0.58
  seed 45 multi_real     tau 0.6: 100 generated; pred_real 7.37, similarity 0.67
  seed 45 multi_real     tau 0.7:  96 generated; pred_real 7.42, similarity 0.75
  seed 45 activity_only  tau 0.4:  98 generated; pred_real 7.84, similarity 0.79
  seed 45 activity_only  tau 0.5:  98 generated; pred_real 7.93, similarity 0.72
  seed 45 activity_only  tau 0.6:  98 generated; pred_real 7.86, similarity 0.76
  seed 45 activity_only  tau 0.7:  98 generated; pred_real 7.84, similarity 0.79
  seed 46 multi_real     tau 0.4:  99 generated; pred_real 7.25, similarity 0.54
  seed 46 multi_real     tau 0.5:  99 generated; pred_real 7.30, similarity 0.56
  seed 46 multi_real     tau 0.6:  97 generated; pred_real 7.33, similarity 0.68
  seed 46 multi_real     tau 0.7:  92 generated; pred_real 7.41, similarity 0.74
  seed 46 activity_only  tau 0.4:  92 generated; pred_real 7.74, similarity 0.71
  seed 46 activity_only  tau 0.5:  95 generated; pred_real 7.75, similarity 0.67
  seed 46 activity_only  tau 0.6:  97 generated; pred_real 7.84, similarity 0.76
  seed 46 activity_only  tau 0.7:  91 generated; pred_real 7.75, similarity 0.78
Wrote results/10_constrained_molecule_populations.csv (204000 rows)

scaffold: surrogate trained on 1756 molecules; floors [0.4, 0.5, 0.6, 0.7]
  seed 42 multi_real     tau 0.4: 100 generated; pred_real 7.43, similarity 0.48
  seed 42 multi_real     tau 0.5:  98 generated; pred_real 7.50, similarity 0.58
  seed 42 multi_real     tau 0.6:  97 generated; pred_real 7.60, similarity 0.67
  seed 42 multi_real     tau 0.7:  86 generated; pred_real 7.54, similarity 0.74
  seed 42 activity_only  tau 0.4:  99 generated; pred_real 8.46, similarity 0.73
  seed 42 activity_only  tau 0.5:  99 generated; pred_real 8.42, similarity 0.71
  seed 42 activity_only  tau 0.6:  98 generated; pred_real 8.29, similarity 0.68
  seed 42 activity_only  tau 0.7:  92 generated; pred_real 8.01, similarity 0.77
  seed 43 multi_real     tau 0.4: 100 generated; pred_real 7.85, similarity 0.60
  seed 43 multi_real     tau 0.5: 100 generated; pred_real 8.02, similarity 0.62
  seed 43 multi_real     tau 0.6:  97 generated; pred_real 7.68, similarity 0.66
  seed 43 multi_real     tau 0.7:  94 generated; pred_real 8.16, similarity 0.76
  seed 43 activity_only  tau 0.4:  99 generated; pred_real 8.40, similarity 0.75
  seed 43 activity_only  tau 0.5:  99 generated; pred_real 8.40, similarity 0.76
  seed 43 activity_only  tau 0.6:  99 generated; pred_real 8.43, similarity 0.75
  seed 43 activity_only  tau 0.7:  99 generated; pred_real 8.44, similarity 0.83
  seed 44 multi_real     tau 0.4: 100 generated; pred_real 7.60, similarity 0.54
  seed 44 multi_real     tau 0.5: 100 generated; pred_real 7.53, similarity 0.58
  seed 44 multi_real     tau 0.6:  99 generated; pred_real 7.58, similarity 0.67
  seed 44 multi_real     tau 0.7:  94 generated; pred_real 7.47, similarity 0.75
  seed 44 activity_only  tau 0.4:  98 generated; pred_real 8.37, similarity 0.61
  seed 44 activity_only  tau 0.5:  96 generated; pred_real 8.32, similarity 0.60
  seed 44 activity_only  tau 0.6:  96 generated; pred_real 8.34, similarity 0.71
  seed 44 activity_only  tau 0.7:  94 generated; pred_real 8.16, similarity 0.75
  seed 45 multi_real     tau 0.4: 100 generated; pred_real 7.42, similarity 0.48
  seed 45 multi_real     tau 0.5: 100 generated; pred_real 7.49, similarity 0.58
  seed 45 multi_real     tau 0.6:  98 generated; pred_real 7.60, similarity 0.67
  seed 45 multi_real     tau 0.7:  88 generated; pred_real 7.11, similarity 0.76
  seed 45 activity_only  tau 0.4:  98 generated; pred_real 8.03, similarity 0.44
  seed 45 activity_only  tau 0.5:  97 generated; pred_real 7.95, similarity 0.67
  seed 45 activity_only  tau 0.6:  97 generated; pred_real 7.96, similarity 0.77
  seed 45 activity_only  tau 0.7:  89 generated; pred_real 7.62, similarity 0.75
  seed 46 multi_real     tau 0.4: 100 generated; pred_real 7.72, similarity 0.53
  seed 46 multi_real     tau 0.5: 100 generated; pred_real 7.75, similarity 0.53
  seed 46 multi_real     tau 0.6:  97 generated; pred_real 7.65, similarity 0.67
  seed 46 multi_real     tau 0.7:  95 generated; pred_real 7.66, similarity 0.75
  seed 46 activity_only  tau 0.4:  99 generated; pred_real 8.53, similarity 0.74
  seed 46 activity_only  tau 0.5:  99 generated; pred_real 8.53, similarity 0.71
  seed 46 activity_only  tau 0.6:  98 generated; pred_real 8.42, similarity 0.73
  seed 46 activity_only  tau 0.7:  92 generated; pred_real 7.88, similarity 0.78
Wrote results/10_constrained_scaffold_populations.csv (204000 rows)
