$ /opt/anaconda3/envs/cdk2/bin/python /Users/vashqu/Desktop/drug-design/cdk2-moo/scripts/11b_table1.py
# CDK2_CAMPAIGN=c2026-10-03 CDK2_SCOPE=corrected
[campaign c2026-10-03 | scope corrected] results -> /Users/vashqu/Desktop/drug-design/cdk2-moo/campaigns/c2026-10-03/corrected/results
                  set   n  n with Vina pActivity     basis  Vina  QED   SA  MW cLogP diversity % PAINS % PB pass max Tanimoto
P:training_top_decile 100          100      8.40  measured -8.31 0.53 2.78 405  3.35      0.83      15        99         0.78
    M:heldout_actives 100          100      8.40  measured -8.17 0.52 2.91 410  3.44      0.83       9        99         0.73
    S:heldout_actives  93           93      8.40  measured -8.18 0.54 3.03 428  3.38      0.75       9       100         0.67
    P:random_training 100          100      6.59  measured -8.23 0.52 2.86 428  3.87      0.86      13        99         0.78
   M:random_remaining 100          100      6.28  measured -8.28 0.55 2.93 417  3.45      0.87       7        96         0.78
   S:random_remaining 100          100      6.01  measured -8.44 0.54 2.78 418  3.63      0.87       7        99         0.79
         P:multi_real 100          100      7.74 predicted -7.98 0.91 2.18 312  2.89      0.71       0        98         0.38
    P:multi_scrambled 100          100      6.20 predicted -7.51 0.92 2.20 310  2.72      0.78      15        99         0.37
      P:activity_only 100          100      8.59 predicted -8.69 0.25 3.29 493  4.89      0.62      12        98         0.70
      P:druglike_only 100          100      6.05 predicted -7.75 0.93 1.75 296  2.91      0.79      15       100         0.36
       P:pareto_front  87           87      7.92 predicted -7.98 0.91 2.15 305  2.96      0.77       5       100         0.40
             P:decoys 100          100      6.50 predicted -8.14 0.62 2.93 397  3.19      0.86       9        99         0.49
         M:multi_real 100          100      7.23 predicted -7.92 0.92 1.94 306  2.83      0.69       0        99         0.33
    M:multi_scrambled 100          100      5.96 predicted -8.09 0.90 1.76 310  2.64      0.73      15        99         0.35
      M:activity_only 100          100      7.86 predicted -8.25 0.34 3.79 505  3.62      0.61       9        93         0.71
      M:druglike_only 100          100      6.12 predicted -7.87 0.93 1.70 298  3.01      0.77      17       100         0.36
             M:decoys 100           99      6.20 predicted -8.11 0.64 2.88 395  3.17      0.85       5        99         0.49
         S:multi_real 100          100      7.45 predicted -7.85 0.91 2.34 319  3.05      0.78       3        99         0.43
    S:multi_scrambled 100          100      5.78 predicted -6.64 0.91 2.09 302  2.97      0.79      19        98         0.32
      S:activity_only 100          100      8.39 predicted -8.29 0.23 3.30 493  3.85      0.72      34        99         0.65
      S:druglike_only 100          100      6.16 predicted -7.62 0.93 1.74 297  2.97      0.78      18        98         0.35
             S:decoys  93           91      6.31 predicted -8.11 0.62 3.09 396  3.20      0.86       5        97         0.49

Wrote table1.csv and table1.md
