$ /opt/anaconda3/envs/cdk2/bin/python /Users/vashqu/Desktop/drug-design/cdk2-moo/scripts/05f_positive_control_ga.py --controls scaffold_split_s45
# CDK2_CAMPAIGN=c2026-10-03 CDK2_SCOPE=corrected
[campaign c2026-10-03 | scope corrected] results -> /Users/vashqu/Desktop/drug-design/cdk2-moo/campaigns/c2026-10-03/corrected/results
output: /Users/vashqu/Desktop/drug-design/cdk2-moo/campaigns/c2026-10-03/corrected/results/05f_scaffold_split_s45_populations.csv

scaffold_split_s45 control: surrogate trained on 1613 molecules (seeds 42 and 20260930), size window (20, 39)
  seed 42  multi_real       pred_real -> 7.77, similarity to remaining training -> 0.35
  seed 42  multi_scrambled  pred_real -> 6.44, similarity to remaining training -> 0.37
  seed 42  activity_only    pred_real -> 8.47, similarity to remaining training -> 0.72
  seed 42  druglike_only    pred_real -> 6.24, similarity to remaining training -> 0.37
  seed 43  multi_real       pred_real -> 7.62, similarity to remaining training -> 0.37
  seed 43  multi_scrambled  pred_real -> 6.33, similarity to remaining training -> 0.34
  seed 43  activity_only    pred_real -> 8.60, similarity to remaining training -> 0.80
  seed 43  druglike_only    pred_real -> 6.25, similarity to remaining training -> 0.40
  seed 44  multi_real       pred_real -> 7.76, similarity to remaining training -> 0.36
  seed 44  multi_scrambled  pred_real -> 6.21, similarity to remaining training -> 0.32
  seed 44  activity_only    pred_real -> 8.41, similarity to remaining training -> 0.76
  seed 44  druglike_only    pred_real -> 6.35, similarity to remaining training -> 0.38
  seed 45  multi_real       pred_real -> 7.69, similarity to remaining training -> 0.35
  seed 45  multi_scrambled  pred_real -> 6.22, similarity to remaining training -> 0.32
  seed 45  activity_only    pred_real -> 8.52, similarity to remaining training -> 0.51
  seed 45  druglike_only    pred_real -> 6.30, similarity to remaining training -> 0.37
  seed 46  multi_real       pred_real -> 7.74, similarity to remaining training -> 0.37
  seed 46  multi_scrambled  pred_real -> 6.20, similarity to remaining training -> 0.33
  seed 46  activity_only    pred_real -> 8.48, similarity to remaining training -> 0.49
  seed 46  druglike_only    pred_real -> 6.11, similarity to remaining training -> 0.37
Wrote /Users/vashqu/Desktop/drug-design/cdk2-moo/campaigns/c2026-10-03/corrected/results/05f_scaffold_split_s45_populations.csv (102000 rows) and its manifest
