$ /opt/anaconda3/envs/cdk2/bin/python /Users/vashqu/Desktop/drug-design/cdk2-moo/scripts/05f_positive_control_ga.py --controls scaffold_split_s46
# CDK2_CAMPAIGN=c2026-10-03 CDK2_SCOPE=corrected
[campaign c2026-10-03 | scope corrected] results -> /Users/vashqu/Desktop/drug-design/cdk2-moo/campaigns/c2026-10-03/corrected/results
output: /Users/vashqu/Desktop/drug-design/cdk2-moo/campaigns/c2026-10-03/corrected/results/05f_scaffold_split_s46_populations.csv

scaffold_split_s46 control: surrogate trained on 1613 molecules (seeds 42 and 20260930), size window (20, 39)
  seed 42  multi_real       pred_real -> 7.73, similarity to remaining training -> 0.39
  seed 42  multi_scrambled  pred_real -> 6.68, similarity to remaining training -> 0.30
  seed 42  activity_only    pred_real -> 8.39, similarity to remaining training -> 0.74
  seed 42  druglike_only    pred_real -> 6.70, similarity to remaining training -> 0.36
  seed 43  multi_real       pred_real -> 7.79, similarity to remaining training -> 0.43
  seed 43  multi_scrambled  pred_real -> 6.26, similarity to remaining training -> 0.36
  seed 43  activity_only    pred_real -> 8.57, similarity to remaining training -> 0.80
  seed 43  druglike_only    pred_real -> 6.48, similarity to remaining training -> 0.37
  seed 44  multi_real       pred_real -> 7.84, similarity to remaining training -> 0.37
  seed 44  multi_scrambled  pred_real -> 6.24, similarity to remaining training -> 0.30
  seed 44  activity_only    pred_real -> 8.62, similarity to remaining training -> 0.70
  seed 44  druglike_only    pred_real -> 6.15, similarity to remaining training -> 0.36
  seed 45  multi_real       pred_real -> 7.88, similarity to remaining training -> 0.41
  seed 45  multi_scrambled  pred_real -> 6.45, similarity to remaining training -> 0.34
  seed 45  activity_only    pred_real -> 8.53, similarity to remaining training -> 0.67
  seed 45  druglike_only    pred_real -> 6.57, similarity to remaining training -> 0.37
  seed 46  multi_real       pred_real -> 7.95, similarity to remaining training -> 0.42
  seed 46  multi_scrambled  pred_real -> 6.25, similarity to remaining training -> 0.32
  seed 46  activity_only    pred_real -> 8.45, similarity to remaining training -> 0.71
  seed 46  druglike_only    pred_real -> 6.35, similarity to remaining training -> 0.37
Wrote /Users/vashqu/Desktop/drug-design/cdk2-moo/campaigns/c2026-10-03/corrected/results/05f_scaffold_split_s46_populations.csv (102000 rows) and its manifest
