$ /opt/anaconda3/envs/cdk2/bin/python /Users/vashqu/Desktop/drug-design/cdk2-moo/scripts/13_hypothesis_endpoints.py
# CDK2_CAMPAIGN=c2026-10-03 CDK2_SCOPE=corrected
[campaign c2026-10-03 | scope corrected] results -> /Users/vashqu/Desktop/drug-design/cdk2-moo/campaigns/c2026-10-03/corrected/results
policy scope: corrected; campaign c2026-10-03

H1  predicted pActivity (real surrogate) of generated molecules over generations; 5 runs per arm
  multi_real       net rise median +1.13 [+1.03, +1.40]; rises in 5/5 runs, Spearman >= 0.9 in 5, literally monotone in 0  -> rises: True, monotone: False
  multi_scrambled  net rise median -0.65 [-0.80, +0.51]; rises in 1/5 runs, Spearman >= 0.9 in 1, literally monotone in 0  -> rises: False, monotone: False
  activity_only    net rise median +1.93 [+1.85, +2.10]; rises in 5/5 runs, Spearman >= 0.9 in 5, literally monotone in 5  -> rises: True, monotone: True
  druglike_only    net rise median -0.52 [-0.77, -0.28]; rises in 0/5 runs, Spearman >= 0.9 in 0, literally monotone in 0  -> rises: False, monotone: False

H2  (literal) Spearman between predicted activity and similarity across generations 1-50; (attributable) final similarity minus the druglike_only baseline of the same seed
  multi_real       Spearman median -0.92, negative in 4/5 -> literal: True;  delta similarity median +0.007 [-0.025, +0.245], farther in 2/5 -> attributable: False  (delta heavy atoms -1.0)
  multi_scrambled  Spearman median +0.43, negative in 1/5 -> literal: False;  delta similarity median -0.012 [-0.046, +0.073], farther in 3/5 -> attributable: False  (delta heavy atoms +1.0)
  activity_only    Spearman median +0.84, negative in 0/5 -> literal: False;  delta similarity median +0.344 [+0.305, +0.468], farther in 0/5 -> attributable: False  (delta heavy atoms +13.0)
  druglike_only    Spearman median -0.02, negative in 3/5 -> literal: False;  delta similarity median +0.000 [+0.000, +0.000], farther in 0/5 -> attributable: False  (delta heavy atoms +0.0)

H4  followed-prediction curves (surrogate SD over its own training molecules: real 1.010, scrambled 0.748)
  multi_real       follows pred_real          net rise +1.13 (standardized +1.12), Spearman >= 0.9 in 5/5; real prediction minus druglike_only: +1.64 [+1.54, +2.17], above in 5/5
  multi_scrambled  follows pred_scrambled     net rise +0.58 (standardized +0.77), Spearman >= 0.9 in 5/5; real prediction minus druglike_only: -0.12 [-0.40, +1.03], above in 2/5
  activity_only    follows pred_real          net rise +1.93 (standardized +1.91), Spearman >= 0.9 in 5/5; real prediction minus druglike_only: +2.49 [+2.39, +2.65], above in 5/5
  druglike_only    follows none (real shown)  net rise -0.52 (standardized -0.52), Spearman >= 0.9 in 0/5; real prediction minus druglike_only: +0.00 [+0.00, +0.00], above in 0/5
  similar-looking curve by the plan's shape criterion (Spearman >= 0.9 in >= 4/5 runs for both arms): True; standardized-rise ratio scrambled / real = 0.69 (no threshold)

H5  constrained minus unconstrained twin (paired by seed); attenuation = predicted activity lower in >= 4/5 seeds
  molecule  activity_only  floor 0.4: delta predicted -0.01 [-0.04, +0.06], attenuated in 4/5; delta QED -0.02, atoms +0; proximity -2.0 pp [-10.8, +12.6], exchange -465.8 pp per pActivity
  molecule  activity_only  floor 0.5: delta predicted +0.01 [-0.06, +0.13], attenuated in 2/5; delta QED +0.04, atoms -1; proximity +1.0 pp [-7.1, +29.9], exchange undefined
  molecule  activity_only  floor 0.6: delta predicted -0.03 [-0.05, +0.12], attenuated in 3/5; delta QED +0.03, atoms +0; proximity +2.1 pp [-28.6, +35.1], exchange undefined
  molecule  activity_only  floor 0.7: delta predicted -0.10 [-0.23, +0.07], attenuated in 4/5; delta QED +0.06, atoms +0; proximity -17.7 pp [-29.6, +2.1], exchange -148.3 pp per pActivity
  molecule  multi_real     floor 0.4: delta predicted +0.04 [-0.01, +0.13], attenuated in 1/5; delta QED -0.02, atoms +1; proximity +20.0 pp [+5.0, +39.4], exchange undefined
  molecule  multi_real     floor 0.5: delta predicted +0.04 [-0.03, +0.12], attenuated in 1/5; delta QED -0.04, atoms +1; proximity +48.5 pp [+34.0, +62.9], exchange undefined
  molecule  multi_real     floor 0.6: delta predicted +0.15 [+0.01, +0.21], attenuated in 0/5; delta QED -0.06, atoms +3; proximity +76.3 pp [+60.0, +80.7], exchange undefined
  molecule  multi_real     floor 0.7: delta predicted +0.19 [+0.13, +0.22], attenuated in 0/5; delta QED -0.19, atoms +4; proximity +80.0 pp [+49.4, +86.1], exchange undefined
  primary   activity_only  floor 0.4: delta predicted -0.00 [-0.11, +0.06], attenuated in 3/5; delta QED +0.02, atoms +0
  primary   activity_only  floor 0.5: delta predicted -0.01 [-0.06, +0.13], attenuated in 3/5; delta QED +0.05, atoms +0
  primary   activity_only  floor 0.6: delta predicted +0.00 [-0.19, +0.04], attenuated in 2/5; delta QED +0.04, atoms -1
  primary   activity_only  floor 0.7: delta predicted -0.08 [-0.23, +0.01], attenuated in 4/5; delta QED +0.07, atoms -2
  primary   multi_real     floor 0.4: delta predicted +0.06 [-0.07, +0.32], attenuated in 2/5; delta QED -0.01, atoms +1
  primary   multi_real     floor 0.5: delta predicted +0.14 [-0.02, +0.44], attenuated in 1/5; delta QED -0.03, atoms +1
  primary   multi_real     floor 0.6: delta predicted -0.01 [-0.25, +0.26], attenuated in 3/5; delta QED -0.06, atoms +2
  primary   multi_real     floor 0.7: delta predicted +0.46 [+0.14, +0.53], attenuated in 0/5; delta QED -0.21, atoms +5
  scaffold  activity_only  floor 0.4: delta predicted -0.01 [-0.36, +0.05], attenuated in 3/5; delta QED +0.02, atoms +0; proximity +0.0 pp [-7.2, +45.4], exchange +124.3 pp per pActivity
  scaffold  activity_only  floor 0.5: delta predicted -0.02 [-0.43, +0.01], attenuated in 3/5; delta QED +0.00, atoms +0; proximity +6.2 pp [+0.0, +22.7], exchange +87.8 pp per pActivity
  scaffold  activity_only  floor 0.6: delta predicted -0.11 [-0.26, +0.00], attenuated in 4/5; delta QED +0.03, atoms -2; proximity +5.1 pp [+0.0, +54.1], exchange +148.1 pp per pActivity
  scaffold  activity_only  floor 0.7: delta predicted -0.34 [-0.64, -0.07], attenuated in 5/5; delta QED +0.16, atoms -3; proximity +10.0 pp [+0.0, +34.8], exchange +34.8 pp per pActivity
  scaffold  multi_real     floor 0.4: delta predicted +0.16 [+0.00, +0.34], attenuated in 0/5; delta QED -0.02, atoms +0; proximity +1.0 pp [-2.0, +5.0], exchange undefined
  scaffold  multi_real     floor 0.5: delta predicted +0.17 [+0.12, +0.39], attenuated in 0/5; delta QED -0.02, atoms +1; proximity +4.0 pp [+0.0, +15.2], exchange undefined
  scaffold  multi_real     floor 0.6: delta predicted +0.11 [+0.07, +0.61], attenuated in 0/5; delta QED -0.10, atoms +2; proximity +4.4 pp [+0.0, +16.1], exchange undefined
  scaffold  multi_real     floor 0.7: delta predicted +0.12 [+0.01, +0.38], attenuated in 0/5; delta QED -0.19, atoms +5; proximity +6.7 pp [-8.5, +18.7], exchange undefined

Wrote results/13_*.csv
