$ /opt/anaconda3/envs/cdk2/bin/python /Users/vashqu/Desktop/drug-design/cdk2-moo/scripts/05f_positive_control_ga.py --controls scaffold_split_s43
# CDK2_CAMPAIGN=c2026-10-03 CDK2_SCOPE=corrected
[campaign c2026-10-03 | scope corrected] results -> /Users/vashqu/Desktop/drug-design/cdk2-moo/campaigns/c2026-10-03/corrected/results
output: /Users/vashqu/Desktop/drug-design/cdk2-moo/campaigns/c2026-10-03/corrected/results/05f_scaffold_split_s43_populations.csv

scaffold_split_s43 control: surrogate trained on 1613 molecules (seeds 42 and 20260930), size window (20, 39)
  seed 42  multi_real       pred_real -> 7.89, similarity to remaining training -> 0.42
  seed 42  multi_scrambled  pred_real -> 6.33, similarity to remaining training -> 0.33
  seed 42  activity_only    pred_real -> 8.63, similarity to remaining training -> 0.68
  seed 42  druglike_only    pred_real -> 6.27, similarity to remaining training -> 0.36
  seed 43  multi_real       pred_real -> 7.96, similarity to remaining training -> 0.51
  seed 43  multi_scrambled  pred_real -> 6.05, similarity to remaining training -> 0.33
  seed 43  activity_only    pred_real -> 8.66, similarity to remaining training -> 0.71
  seed 43  druglike_only    pred_real -> 6.10, similarity to remaining training -> 0.34
  seed 44  multi_real       pred_real -> 7.77, similarity to remaining training -> 0.41
  seed 44  multi_scrambled  pred_real -> 6.01, similarity to remaining training -> 0.38
  seed 44  activity_only    pred_real -> 8.66, similarity to remaining training -> 0.70
  seed 44  druglike_only    pred_real -> 6.31, similarity to remaining training -> 0.34
  seed 45  multi_real       pred_real -> 7.69, similarity to remaining training -> 0.37
  seed 45  multi_scrambled  pred_real -> 6.29, similarity to remaining training -> 0.38
  seed 45  activity_only    pred_real -> 8.65, similarity to remaining training -> 0.73
  seed 45  druglike_only    pred_real -> 6.38, similarity to remaining training -> 0.35
  seed 46  multi_real       pred_real -> 7.87, similarity to remaining training -> 0.46
  seed 46  multi_scrambled  pred_real -> 5.87, similarity to remaining training -> 0.33
  seed 46  activity_only    pred_real -> 8.65, similarity to remaining training -> 0.70
  seed 46  druglike_only    pred_real -> 6.01, similarity to remaining training -> 0.34
Wrote /Users/vashqu/Desktop/drug-design/cdk2-moo/campaigns/c2026-10-03/corrected/results/05f_scaffold_split_s43_populations.csv (102000 rows) and its manifest
