$ /opt/anaconda3/envs/cdk2/bin/python /Users/vashqu/Desktop/drug-design/cdk2-moo/scripts/10_run_constrained_ga.py --experiments molecule
# CDK2_CAMPAIGN=c2026-10-03 CDK2_SCOPE=corrected
[campaign c2026-10-03 | scope corrected] results -> /Users/vashqu/Desktop/drug-design/cdk2-moo/campaigns/c2026-10-03/corrected/results

molecule: surrogate trained on 1812 molecules; floors [0.4, 0.5, 0.6, 0.7]
  seed 42 multi_real     tau 0.4: 100 generated; pred_real 7.29, similarity 0.50
  seed 42 multi_real     tau 0.5:  99 generated; pred_real 7.37, similarity 0.56
  seed 42 multi_real     tau 0.6:  97 generated; pred_real 7.46, similarity 0.70
  seed 42 multi_real     tau 0.7:  87 generated; pred_real 7.44, similarity 0.75
  seed 42 activity_only  tau 0.4:  97 generated; pred_real 7.88, similarity 0.69
  seed 42 activity_only  tau 0.5:  97 generated; pred_real 7.90, similarity 0.75
  seed 42 activity_only  tau 0.6:  97 generated; pred_real 7.86, similarity 0.71
  seed 42 activity_only  tau 0.7:  90 generated; pred_real 7.66, similarity 0.76
  seed 43 multi_real     tau 0.4: 100 generated; pred_real 7.35, similarity 0.48
  seed 43 multi_real     tau 0.5:  99 generated; pred_real 7.29, similarity 0.60
  seed 43 multi_real     tau 0.6:  98 generated; pred_real 7.40, similarity 0.70
  seed 43 multi_real     tau 0.7:  95 generated; pred_real 7.43, similarity 0.75
  seed 43 activity_only  tau 0.4:  98 generated; pred_real 7.83, similarity 0.68
  seed 43 activity_only  tau 0.5:  98 generated; pred_real 7.90, similarity 0.71
  seed 43 activity_only  tau 0.6:  98 generated; pred_real 7.89, similarity 0.75
  seed 43 activity_only  tau 0.7:  91 generated; pred_real 7.67, similarity 0.79
  seed 44 multi_real     tau 0.4: 100 generated; pred_real 7.24, similarity 0.47
  seed 44 multi_real     tau 0.5:  98 generated; pred_real 7.20, similarity 0.66
  seed 44 multi_real     tau 0.6:  98 generated; pred_real 7.37, similarity 0.68
  seed 44 multi_real     tau 0.7:  93 generated; pred_real 7.37, similarity 0.76
  seed 44 activity_only  tau 0.4:  99 generated; pred_real 7.82, similarity 0.74
  seed 44 activity_only  tau 0.5:  99 generated; pred_real 7.81, similarity 0.67
  seed 44 activity_only  tau 0.6:  99 generated; pred_real 7.83, similarity 0.76
  seed 44 activity_only  tau 0.7:  93 generated; pred_real 7.72, similarity 0.79
  seed 45 multi_real     tau 0.4: 100 generated; pred_real 7.24, similarity 0.47
  seed 45 multi_real     tau 0.5: 100 generated; pred_real 7.26, similarity 0.55
  seed 45 multi_real     tau 0.6: 100 generated; pred_real 7.26, similarity 0.67
  seed 45 multi_real     tau 0.7:  96 generated; pred_real 7.38, similarity 0.76
  seed 45 activity_only  tau 0.4:  98 generated; pred_real 7.92, similarity 0.70
  seed 45 activity_only  tau 0.5:  98 generated; pred_real 7.92, similarity 0.71
  seed 45 activity_only  tau 0.6:  98 generated; pred_real 7.89, similarity 0.75
  seed 45 activity_only  tau 0.7:  98 generated; pred_real 7.85, similarity 0.76
  seed 46 multi_real     tau 0.4:  99 generated; pred_real 7.30, similarity 0.55
  seed 46 multi_real     tau 0.5:  97 generated; pred_real 7.27, similarity 0.68
  seed 46 multi_real     tau 0.6:  97 generated; pred_real 7.29, similarity 0.71
  seed 46 multi_real     tau 0.7:  93 generated; pred_real 7.42, similarity 0.75
  seed 46 activity_only  tau 0.4:  93 generated; pred_real 7.75, similarity 0.67
  seed 46 activity_only  tau 0.5:  96 generated; pred_real 7.76, similarity 0.71
  seed 46 activity_only  tau 0.6:  94 generated; pred_real 7.75, similarity 0.70
  seed 46 activity_only  tau 0.7:  96 generated; pred_real 7.83, similarity 0.79
Wrote /Users/vashqu/Desktop/drug-design/cdk2-moo/campaigns/c2026-10-03/corrected/results/10_constrained_molecule_populations.csv (204000 rows) and its manifest
