$ /opt/anaconda3/envs/cdk2/bin/python /Users/vashqu/Desktop/drug-design/cdk2-moo/scripts/08g_hinge_contacts.py
# CDK2_CAMPAIGN=c2026-10-03 CDK2_SCOPE=corrected
[campaign c2026-10-03 | scope corrected] results -> /Users/vashqu/Desktop/drug-design/cdk2-moo/campaigns/c2026-10-03/corrected/results
[01:36:27] Warning: molecule is tagged as 2D, but at least one Z coordinate is not zero. Marking the mol as 3D.
crystal dinaciclib: nearest ligand N/O to the 3 hinge atoms 2.65 A (reference)

Ligand N/O within 3.5 A of Glu81 O / Leu83 N / Leu83 O (distance only; not a verified hydrogen bond)
                  set  n_in_set  n_with_pose  n_contact  median_distance  share_of_set  share_of_posed
P:training_top_decile       100          100         90             3.07          0.90            0.90
    M:heldout_actives       100          100         88             3.07          0.88            0.88
    S:heldout_actives        93           93         88             3.05          0.95            0.95
    P:random_training       100          100         65             3.15          0.65            0.65
   M:random_remaining       100          100         69             3.15          0.69            0.69
   S:random_remaining       100          100         64             3.25          0.64            0.64
         P:multi_real       100          100         52             3.39          0.52            0.52
    P:multi_scrambled       100          100         52             3.44          0.52            0.52
      P:activity_only       100          100         89             3.06          0.89            0.89
      P:druglike_only       100          100         49             3.55          0.49            0.49
       P:pareto_front        87           87         50             3.33          0.57            0.57
             P:decoys       100          100         66             3.16          0.66            0.66
         M:multi_real       100          100         46             3.94          0.46            0.46
    M:multi_scrambled       100          100         54             3.48          0.54            0.54
      M:activity_only       100          100         87             3.06          0.87            0.87
      M:druglike_only       100          100         38             3.67          0.38            0.38
             M:decoys       100           99         68             3.20          0.68            0.69
         S:multi_real       100          100         72             3.19          0.72            0.72
    S:multi_scrambled       100          100         39             3.88          0.39            0.39
      S:activity_only       100          100         76             2.98          0.76            0.76
      S:druglike_only       100          100         44             3.68          0.44            0.44
             S:decoys        93           91         68             3.15          0.73            0.75

Wrote /Users/vashqu/Desktop/drug-design/cdk2-moo/campaigns/c2026-10-03/corrected/results/08g_hinge_contacts.csv and 08g_hinge_by_set.csv
