$ /opt/anaconda3/envs/cdk2/bin/python /Users/vashqu/Desktop/drug-design/cdk2-moo/scripts/08c_select_docking_sets.py
# CDK2_CAMPAIGN=c2026-10-03 CDK2_SCOPE=corrected
[campaign c2026-10-03 | scope corrected] results -> /Users/vashqu/Desktop/drug-design/cdk2-moo/campaigns/c2026-10-03/corrected/results
policy scope: corrected; groups P (all-data surrogate), M (molecule-level holdout), S (scaffold-level holdout)
group  set                    role                
M      M:activity_only        generated               100
       M:decoys               decoy                   100
       M:druglike_only        generated               100
       M:heldout_actives      heldout_active          100
       M:multi_real           generated               100
       M:multi_scrambled      generated               100
       M:random_remaining     random_reference        100
P      P:activity_only        generated               100
       P:decoys               decoy                   100
       P:druglike_only        generated               100
       P:multi_real           generated               100
       P:multi_scrambled      generated               100
       P:pareto_front         generated                87
       P:random_training      random_reference        100
       P:training_top_decile  in_sample_top_decile    100
S      S:activity_only        generated               100
       S:decoys               decoy                    93
       S:druglike_only        generated               100
       S:heldout_actives      heldout_active           93
       S:multi_real           generated               100
       S:multi_scrambled      generated               100
       S:random_remaining     random_reference        100

2173 rows, 1999 distinct molecules; 89 replicate molecules
decoy matching (standardized mean differences, decoys minus actives):
  P: heavy atoms +0.06, MW -0.30, cLogP -0.14, HBD -0.30, HBA -0.10, rotatable bonds -0.16
  M: heavy atoms +0.07, MW -0.36, cLogP -0.20, HBD -0.44, HBA -0.27, rotatable bonds -0.20
  S: heavy atoms +0.13, MW -0.52, cLogP -0.16, HBD -0.47, HBA -0.28, rotatable bonds -0.30
Wrote /Users/vashqu/Desktop/drug-design/cdk2-moo/campaigns/c2026-10-03/corrected/results/08c_docking_sets.csv
