$ /opt/anaconda3/envs/cdk2/bin/python /Users/vashqu/Desktop/drug-design/cdk2-moo/scripts/05f_positive_control_ga.py --controls scaffold_split_s43
# CDK2_CAMPAIGN=c2026-10-03 CDK2_SCOPE=legacy
[campaign c2026-10-03 | scope legacy] results -> /Users/vashqu/Desktop/drug-design/cdk2-moo/campaigns/c2026-10-03/legacy/results
output: /Users/vashqu/Desktop/drug-design/cdk2-moo/campaigns/c2026-10-03/legacy/results/05f_scaffold_split_s43_populations.csv

scaffold_split_s43 control: surrogate trained on 1613 molecules (seeds 42 and 20260930), size window (20, 39)
  seed 42  multi_real       pred_real -> 7.80, similarity to remaining training -> 0.40
  seed 42  multi_scrambled  pred_real -> 6.27, similarity to remaining training -> 0.32
  seed 42  activity_only    pred_real -> 8.63, similarity to remaining training -> 0.69
  seed 42  druglike_only    pred_real -> 6.31, similarity to remaining training -> 0.36
  seed 43  multi_real       pred_real -> 7.84, similarity to remaining training -> 0.46
  seed 43  multi_scrambled  pred_real -> 6.14, similarity to remaining training -> 0.32
  seed 43  activity_only    pred_real -> 8.65, similarity to remaining training -> 0.68
  seed 43  druglike_only    pred_real -> 6.28, similarity to remaining training -> 0.34
  seed 44  multi_real       pred_real -> 7.77, similarity to remaining training -> 0.41
  seed 44  multi_scrambled  pred_real -> 5.98, similarity to remaining training -> 0.39
  seed 44  activity_only    pred_real -> 8.66, similarity to remaining training -> 0.70
  seed 44  druglike_only    pred_real -> 6.55, similarity to remaining training -> 0.34
  seed 45  multi_real       pred_real -> 7.76, similarity to remaining training -> 0.39
  seed 45  multi_scrambled  pred_real -> 6.13, similarity to remaining training -> 0.33
  seed 45  activity_only    pred_real -> 8.65, similarity to remaining training -> 0.70
  seed 45  druglike_only    pred_real -> 6.24, similarity to remaining training -> 0.36
  seed 46  multi_real       pred_real -> 7.94, similarity to remaining training -> 0.50
  seed 46  multi_scrambled  pred_real -> 5.91, similarity to remaining training -> 0.32
  seed 46  activity_only    pred_real -> 8.65, similarity to remaining training -> 0.67
  seed 46  druglike_only    pred_real -> 6.36, similarity to remaining training -> 0.33
Wrote /Users/vashqu/Desktop/drug-design/cdk2-moo/campaigns/c2026-10-03/legacy/results/05f_scaffold_split_s43_populations.csv (102000 rows) and its manifest
