$ /opt/anaconda3/envs/cdk2/bin/python /Users/vashqu/Desktop/drug-design/cdk2-moo/scripts/07b_ad_generated_overlay.py
# CDK2_CAMPAIGN=c2026-10-03 CDK2_SCOPE=legacy
[campaign c2026-10-03 | scope legacy] results -> /Users/vashqu/Desktop/drug-design/cdk2-moo/campaigns/c2026-10-03/legacy/results
Stage 4 validation coverage: distinct test molecules (MAE, bias) by similarity region x prediction band
'n/a' = fewer than 30 distinct molecules: error cannot be estimated there
  similarity                       <6                     6-7                     7-8                     >=8
  <0.4             0.80 +0.02 (n=335)      0.95 -0.06 (n=769)       0.95 +0.36 (n=89)                    none
  0.4-0.6          0.68 +0.16 (n=288)      0.79 -0.07 (n=596)      0.74 -0.07 (n=227)              n/a  (n=7)
  0.6-0.8          0.52 +0.09 (n=404)      0.63 -0.06 (n=654)      0.56 -0.17 (n=550)       0.44 +0.02 (n=94)
  >=0.8            0.42 -0.03 (n=209)      0.40 -0.00 (n=352)      0.36 -0.07 (n=343)       0.36 +0.01 (n=54)
  (cell entries: MAE, bias = prediction minus measured)

Generation 50, generated molecules, 5 seeds pooled: share in each raw-similarity region
  arm                   <0.4   0.4-0.6   0.6-0.8     >=0.8     n
  multi_real             56%       35%        8%        1%   499
  multi_scrambled        67%       29%        3%        0%   499
  activity_only           0%        4%       83%       13%   492
  druglike_only          73%       27%        0%        0%   500
  ...and in each size-percentile region
  arm               <10 (novel for s             10-50  >=50 (typical or
  multi_real                     71%               28%                2%
  multi_scrambled                88%               11%                0%
  activity_only                  31%               57%               12%
  druglike_only                  89%               11%                0%

  DRIFT IS NOT EXPLOITATION: share with raw similarity < 0.4: multi_real 56%, multi_scrambled 67%, activity_only 0%, druglike_only 73%
  druglike_only never sees the surrogate yet drifts as far; low similarity alone proves nothing about exploitation.

Candidate classes among distinct generated molecules (all generations, 5 seeds pooled):
  arm              distinct  A supported  B weak support  C pred<8
  multi_real           2604           97              54      2453
  multi_scrambled      3039            4               1      3034
  activity_only        3399         1970             468       961
  druglike_only        3053            2               0      3051
  Pareto front          124           34               4        86

Pareto-front molecules by Stage 4 support:
  front molecules in a (similarity x prediction) cell where Stage 4 can estimate error: 120/124
  of the 38 front molecules predicted >= 8: 34 sit in a supported cell, 4 do not
  class B = high prediction and weak support (no error claim possible):
     pred   QED    SA  rawsim  pctile  atoms  arms / SMILES
     8.18  0.51  2.37    0.49     6.0     28  activity_only  CC(C)CCNC(=O)c1ccc2[nH]c(O)c(-c3ccc(S(N)(=O)=O)cc3)c2c1
     8.15  0.92  2.67    0.58    14.9     22  multi_real  CCCC(=O)Nc1ncc(F)c(-c2cnc(C)n2C(C)C)n1
     8.13  0.94  2.66    0.58    14.9     22  multi_real  Cc1ncc(-c2nc(NC(=O)C3CC3)ncc2F)n1C(C)C
     8.04  0.72  2.02    0.56     6.9     26  multi_real  CC(C)c1ccc(Nc2nccc(-c3ccc(S(N)(=O)=O)cc3)n2)cc1

Agreement of the two measures for generated molecules (distinct, pooled): rows = raw region, cols = percentile region
pct_region  <10 (novel for size)  10-50  >=50 (typical or better)
raw_region                                                       
<0.4                        5343      0                         0
0.4-0.6                     2741    819                         0
0.6-0.8                      539   2171                        92
>=0.8                          0     37                       217

Wrote results/07_generated_regions.csv
