$ /opt/anaconda3/envs/cdk2/bin/python /Users/vashqu/Desktop/drug-design/cdk2-moo/scripts/10_run_constrained_ga.py --experiments scaffold
# CDK2_CAMPAIGN=c2026-10-03 CDK2_SCOPE=legacy
[campaign c2026-10-03 | scope legacy] results -> /Users/vashqu/Desktop/drug-design/cdk2-moo/campaigns/c2026-10-03/legacy/results

scaffold: surrogate trained on 1756 molecules; floors [0.4, 0.5, 0.6, 0.7]
  seed 42 multi_real     tau 0.4: 100 generated; pred_real 7.46, similarity 0.49
  seed 42 multi_real     tau 0.5:  99 generated; pred_real 7.53, similarity 0.57
  seed 42 multi_real     tau 0.6:  95 generated; pred_real 7.60, similarity 0.66
  seed 42 multi_real     tau 0.7:  90 generated; pred_real 7.54, similarity 0.75
  seed 42 activity_only  tau 0.4:  99 generated; pred_real 8.45, similarity 0.73
  seed 42 activity_only  tau 0.5:  98 generated; pred_real 8.38, similarity 0.72
  seed 42 activity_only  tau 0.6:  99 generated; pred_real 8.39, similarity 0.74
  seed 42 activity_only  tau 0.7:  95 generated; pred_real 8.07, similarity 0.78
  seed 43 multi_real     tau 0.4: 100 generated; pred_real 7.57, similarity 0.60
  seed 43 multi_real     tau 0.5: 100 generated; pred_real 8.02, similarity 0.64
  seed 43 multi_real     tau 0.6:  99 generated; pred_real 8.12, similarity 0.68
  seed 43 multi_real     tau 0.7:  91 generated; pred_real 7.80, similarity 0.76
  seed 43 activity_only  tau 0.4:  99 generated; pred_real 8.42, similarity 0.75
  seed 43 activity_only  tau 0.5:  99 generated; pred_real 8.43, similarity 0.75
  seed 43 activity_only  tau 0.6:  99 generated; pred_real 8.34, similarity 0.77
  seed 43 activity_only  tau 0.7:  98 generated; pred_real 8.33, similarity 0.77
  seed 44 multi_real     tau 0.4: 100 generated; pred_real 7.72, similarity 0.54
  seed 44 multi_real     tau 0.5: 100 generated; pred_real 7.74, similarity 0.55
  seed 44 multi_real     tau 0.6:  98 generated; pred_real 7.65, similarity 0.69
  seed 44 multi_real     tau 0.7:  93 generated; pred_real 7.54, similarity 0.75
  seed 44 activity_only  tau 0.4:  97 generated; pred_real 8.35, similarity 0.54
  seed 44 activity_only  tau 0.5:  98 generated; pred_real 8.36, similarity 0.61
  seed 44 activity_only  tau 0.6:  96 generated; pred_real 8.31, similarity 0.68
  seed 44 activity_only  tau 0.7:  90 generated; pred_real 8.01, similarity 0.75
  seed 45 multi_real     tau 0.4: 100 generated; pred_real 7.38, similarity 0.48
  seed 45 multi_real     tau 0.5: 100 generated; pred_real 7.45, similarity 0.56
  seed 45 multi_real     tau 0.6:  99 generated; pred_real 7.51, similarity 0.66
  seed 45 multi_real     tau 0.7:  91 generated; pred_real 7.34, similarity 0.75
  seed 45 activity_only  tau 0.4: 100 generated; pred_real 8.22, similarity 0.54
  seed 45 activity_only  tau 0.5:  98 generated; pred_real 8.01, similarity 0.69
  seed 45 activity_only  tau 0.6:  97 generated; pred_real 7.90, similarity 0.75
  seed 45 activity_only  tau 0.7:  97 generated; pred_real 7.83, similarity 0.80
  seed 46 multi_real     tau 0.4: 100 generated; pred_real 7.72, similarity 0.53
  seed 46 multi_real     tau 0.5: 100 generated; pred_real 7.73, similarity 0.55
  seed 46 multi_real     tau 0.6:  98 generated; pred_real 7.65, similarity 0.68
  seed 46 multi_real     tau 0.7:  93 generated; pred_real 7.64, similarity 0.75
  seed 46 activity_only  tau 0.4:  99 generated; pred_real 8.51, similarity 0.71
  seed 46 activity_only  tau 0.5:  98 generated; pred_real 8.36, similarity 0.64
  seed 46 activity_only  tau 0.6:  98 generated; pred_real 8.49, similarity 0.73
  seed 46 activity_only  tau 0.7:  92 generated; pred_real 7.93, similarity 0.78
Wrote /Users/vashqu/Desktop/drug-design/cdk2-moo/campaigns/c2026-10-03/legacy/results/10_constrained_scaffold_populations.csv (204000 rows) and its manifest
