$ /opt/anaconda3/envs/cdk2/bin/python /Users/vashqu/Desktop/drug-design/cdk2-moo/scripts/10b_analyze_tradeoff.py
# CDK2_CAMPAIGN=c2026-10-03 CDK2_SCOPE=legacy
[campaign c2026-10-03 | scope legacy] results -> /Users/vashqu/Desktop/drug-design/cdk2-moo/campaigns/c2026-10-03/legacy/results
A. COST: primary surrogate (all 2,016 molecules), generation 50, generated molecules
   median over 5 seeds [min, max]; change is paired with the same seed's unconstrained run

   multi_real
   floor       predicted pActivity          change vs none    raw similarity    QED    SA  atoms  n/seed
   none        7.70 [7.62, 7.74]        0.00 [+0.00, +0.00]              0.38   0.91  2.09     21     100
   0.4         7.78 [7.72, 8.10]        0.09 [-0.01, +0.47]              0.56   0.90  2.59     22     100
   0.5         8.10 [8.05, 8.13]        0.39 [+0.37, +0.43]              0.58   0.88  2.78     22     100
   0.6         7.85 [7.48, 8.18]        0.11 [-0.22, +0.45]              0.67   0.84  2.73     23      98
   0.7         8.19 [7.67, 8.25]        0.46 [+0.05, +0.55]              0.76   0.70  2.62     26      95

   activity_only
   floor       predicted pActivity          change vs none    raw similarity    QED    SA  atoms  n/seed
   none        8.59 [8.31, 8.60]        0.00 [+0.00, +0.00]              0.70   0.30  3.09     35      99
   0.4         8.53 [8.43, 8.60]       -0.01 [-0.07, +0.11]              0.71   0.31  3.12     35      98
   0.5         8.56 [8.40, 8.59]       -0.01 [-0.04, +0.08]              0.73   0.30  3.10     35      99
   0.6         8.54 [8.37, 8.60]       -0.00 [-0.05, +0.05]              0.72   0.27  3.26     35      98
   0.7         8.48 [8.34, 8.61]       -0.04 [-0.18, +0.11]              0.79   0.32  3.30     35      98

B. TRANSFER: molecule-level held-out-actives control (surrogate never saw the actives)

   multi_real
   floor    predicted      proximity share >= 0.6   nearest is held-out  proximity recall    sim
   none          7.23             0% [0, 8]                  21%               43%   0.35
   0.4           7.26            15% [7, 46]                  32%               30%   0.48
   0.5           7.29            46% [39, 69]                  49%               47%   0.58
   0.6           7.33            59% [47, 74]                  32%               45%   0.67
   0.7           7.39            81% [49, 92]                  24%               48%   0.75

   activity_only
   floor    predicted      proximity share >= 0.6   nearest is held-out  proximity recall    sim
   none          7.82            88% [69, 96]                  81%               50%   0.66
   0.4           7.79            93% [35, 100]                  49%               58%   0.71
   0.5           7.83            91% [62, 98]                  87%               48%   0.69
   0.6           7.81            95% [60, 99]                  35%               54%   0.74
   0.7           7.73            94% [52, 99]                  42%               51%   0.76

B. TRANSFER: scaffold-level held-out-actives control (surrogate never saw the actives)

   multi_real
   floor    predicted      proximity share >= 0.6   nearest is held-out  proximity recall    sim
   none          7.38             0% [0, 6]                  15%               37%   0.41
   0.4           7.57             8% [0, 24]                  15%               38%   0.53
   0.5           7.73             5% [0, 16]                  13%               55%   0.56
   0.6           7.65            12% [0, 21]                   9%               60%   0.68
   0.7           7.54            10% [4, 23]                   5%               52%   0.75

   activity_only
   floor    predicted      proximity share >= 0.6   nearest is held-out  proximity recall    sim
   none          8.41             4% [0, 43]                   0%               51%   0.66
   0.4           8.42             3% [0, 36]                   0%               59%   0.71
   0.5           8.36             4% [0, 62]                   0%               66%   0.69
   0.6           8.34             2% [0, 56]                   0%               67%   0.74
   0.7           8.01            20% [0, 80]                   3%               67%   0.78

C. EXCHANGE RATE: percentage points of proximity share gained per 1.0 pActivity of predicted activity given up
   (median paired change over seeds; 'n/a' where predicted activity does not fall by more than 0.05)
   experimentarm             floor proximity change  predicted change   pp per pActivity lost
   molecule  multi_real        0.4         +15.0 pp             +0.04                     n/a
   molecule  multi_real        0.5         +45.9 pp             +0.07                     n/a
   molecule  multi_real        0.6         +58.8 pp             +0.11                     n/a
   molecule  multi_real        0.7         +80.6 pp             +0.17                     n/a
   molecule  activity_only     0.4          +4.0 pp             -0.02                     n/a
   molecule  activity_only     0.5          +5.0 pp             -0.02                     n/a
   molecule  activity_only     0.6          +3.0 pp             -0.06                   +51.2
   molecule  activity_only     0.7          -0.2 pp             -0.10                    -1.6
   scaffold  multi_real        0.4          +8.0 pp             +0.07                     n/a
   scaffold  multi_real        0.5          +3.0 pp             +0.15                     n/a
   scaffold  multi_real        0.6          +7.3 pp             +0.22                     n/a
   scaffold  multi_real        0.7          +7.8 pp             +0.13                     n/a
   scaffold  activity_only     0.4          -1.0 pp             +0.02                     n/a
   scaffold  activity_only     0.5          +0.0 pp             -0.03                     n/a
   scaffold  activity_only     0.6          +0.0 pp             -0.06                    +0.0
   scaffold  activity_only     0.7          +3.3 pp             -0.37                    +9.1

Wrote 10_tradeoff_v2.csv and 10_tradeoff_v2.png
