$ /opt/anaconda3/envs/cdk2/bin/python /Users/vashqu/Desktop/drug-design/cdk2-moo/scripts/05f_positive_control_ga.py --controls scaffold_split_s45
# CDK2_CAMPAIGN=c2026-10-03 CDK2_SCOPE=legacy
[campaign c2026-10-03 | scope legacy] results -> /Users/vashqu/Desktop/drug-design/cdk2-moo/campaigns/c2026-10-03/legacy/results
output: /Users/vashqu/Desktop/drug-design/cdk2-moo/campaigns/c2026-10-03/legacy/results/05f_scaffold_split_s45_populations.csv

scaffold_split_s45 control: surrogate trained on 1613 molecules (seeds 42 and 20260930), size window (20, 39)
  seed 42  multi_real       pred_real -> 7.70, similarity to remaining training -> 0.37
  seed 42  multi_scrambled  pred_real -> 6.66, similarity to remaining training -> 0.37
  seed 42  activity_only    pred_real -> 8.45, similarity to remaining training -> 0.77
  seed 42  druglike_only    pred_real -> 6.36, similarity to remaining training -> 0.36
  seed 43  multi_real       pred_real -> 7.68, similarity to remaining training -> 0.36
  seed 43  multi_scrambled  pred_real -> 6.44, similarity to remaining training -> 0.32
  seed 43  activity_only    pred_real -> 8.51, similarity to remaining training -> 0.67
  seed 43  druglike_only    pred_real -> 6.45, similarity to remaining training -> 0.37
  seed 44  multi_real       pred_real -> 7.81, similarity to remaining training -> 0.34
  seed 44  multi_scrambled  pred_real -> 6.08, similarity to remaining training -> 0.35
  seed 44  activity_only    pred_real -> 8.40, similarity to remaining training -> 0.75
  seed 44  druglike_only    pred_real -> 6.33, similarity to remaining training -> 0.35
  seed 45  multi_real       pred_real -> 7.63, similarity to remaining training -> 0.34
  seed 45  multi_scrambled  pred_real -> 6.19, similarity to remaining training -> 0.34
  seed 45  activity_only    pred_real -> 8.51, similarity to remaining training -> 0.52
  seed 45  druglike_only    pred_real -> 6.28, similarity to remaining training -> 0.37
  seed 46  multi_real       pred_real -> 7.70, similarity to remaining training -> 0.39
  seed 46  multi_scrambled  pred_real -> 6.28, similarity to remaining training -> 0.34
  seed 46  activity_only    pred_real -> 8.41, similarity to remaining training -> 0.64
  seed 46  druglike_only    pred_real -> 6.41, similarity to remaining training -> 0.36
Wrote /Users/vashqu/Desktop/drug-design/cdk2-moo/campaigns/c2026-10-03/legacy/results/05f_scaffold_split_s45_populations.csv (102000 rows) and its manifest
