$ /opt/anaconda3/envs/cdk2/bin/python /Users/vashqu/Desktop/drug-design/cdk2-moo/scripts/12_audit_leakage_and_artifacts.py
# CDK2_CAMPAIGN=c2026-10-03 CDK2_SCOPE=legacy
[campaign c2026-10-03 | scope legacy] results -> /Users/vashqu/Desktop/drug-design/cdk2-moo/campaigns/c2026-10-03/legacy/results
2016 curated molecules; 10 split seeds; every stored split verified to align with the curated rows.

Test molecules (of ~403 per split) overlapping the training set, median [min, max] over seeds:
  overlap type                                      random              scaffold                 paper
  identity full                                   0 [0, 0]              0 [0, 0]              0 [0, 0]
  identity connectivity                        23 [16, 29]              0 [0, 0]             3 [1, 10]
  fingerprint                                  27 [21, 33]              0 [0, 1]             3 [1, 10]
  scaffold                                  266 [249, 281]              0 [0, 0]          84 [44, 148]
  any document                              388 [384, 389]        380 [340, 389]         113 [52, 178]
  primary document                          382 [376, 384]        357 [333, 382]              0 [0, 0]
  (identity_full is 0 by construction of the curation: duplicates were merged by InChIKey. identical fingerprints between distinct molecules arise from stereoisomers and ECFP4 collisions.)

Positive controls: held-out molecules that overlap the remaining training set
 control                  group   n  identity_full_overlap_with_remaining_training  identity_connectivity_overlap_with_remaining_training  fingerprint_overlap_with_remaining_training  scaffold_overlap_with_remaining_training  any_document_overlap
molecule       held-out actives 204                                              0                                                      4                                            4                                       149                   204
molecule all held-out molecules 204                                              0                                                      4                                            4                                       149                   204
scaffold       held-out actives  93                                              0                                                      0                                            0                                         0                    93
scaffold all held-out molecules 260                                              0                                                      0                                            0                                         0                   260

Score-to-pose coverage by Vina seed (this scope's docking export)
 vina_seed  score_rows  ok_scores  pose_records  records_without_identity  distinct_pose_identities  duplicate_pose_identities  duplicate_score_rows  ok_scores_without_pose  poses_without_ok_score
        42        2033       2032          2032                         0                      2032                          0                     0                       0                       0
        43          89         89            89                         0                        89                          0                     0                       0                       0
        44          89         89            89                         0                        89                          0                     0                       0                       0
  non-ok statuses: {42: '{"prep_failed": 1}', 43: '{}', 44: '{}'}

PoseBusters required-check coverage:
  required_checks: 22
  audit_poses: 2032
  required_checks_present_as_columns: 22
  status_counts: {'pass': 1991, 'fail': 34, 'unevaluable': 7}
  missing_by_check: {'internal_energy': 11}
  failed_by_check: {'no_radicals': 8, 'bond_lengths': 4, 'bond_angles': 4, 'internal_steric_clash': 7, 'aromatic_ring_flatness': 1, 'double_bond_flatness': 3, 'internal_energy': 17, 'minimum_distance_to_protein': 2}

`primary_document` = first non-null document met when aggregating a structure's records (order of the downloaded file); 267 of 2016 molecules were reported in more than one document. Not a verified earliest publication; no temporal split exists.

Wrote audit files to /Users/vashqu/Desktop/drug-design/cdk2-moo/campaigns/c2026-10-03/legacy/results/audit
